value = { original_value = 2, additional_value = 3 }
